# llvm-mca -mcpu=icelake-server -iterations=1000 shuf6.s  (regen: tests/mca_oracle/regen_golden.sh)
# ITERATIONS=1000
Total Cycles:      6003
Block RThroughput: 6.0
# Resource pressure per iteration ([2]=Port0 [3]=Port1 [4]=P2ld [5]=P3ld [6]=P4st [7]=Port5 [9..11]=P7/8/9 st-AGU):
Resource pressure per iteration:
[0]    [1]    [2]    [3]    [4]    [5]    [6]    [7]    [8]    [9]    [10]   [11]   
 -      -      -      -      -      -      -     6.00    -      -      -      -     
